neu zu sprechen: 26 Segmente, 5708 Zeichen ≈ 857 Credits; Kontingent frei: 54120 Credits
  Segment 1/26 gesprochen (96 Zeichen)
  Segment 2/26 gesprochen (43 Zeichen)
  Segment 2 (Aufsicht): -16.6 LUFS → -19.0 LUFS (-2.4 dB)
  Segment 3/26 gesprochen (195 Zeichen)
  Segment 3: Restlaut am Ende stummgeschaltet (bei 12.79 s im Segment)
  Segment 4/26 gesprochen (55 Zeichen)
  Segment 4 (Hermine): -14.5 LUFS → -19.0 LUFS (-4.5 dB)
  Segment 5/26 gesprochen (119 Zeichen)
  Segment 6/26 gesprochen (58 Zeichen)
  Segment 7/26 gesprochen (51 Zeichen)
  Segment 8/26 gesprochen (86 Zeichen)
  Segment 9/26 gesprochen (70 Zeichen)
  Segment 10/26 gesprochen (418 Zeichen)
  Segment 11/26 gesprochen (305 Zeichen)
  Segment 11: Restlaut am Ende stummgeschaltet (bei 22.63 s im Segment)
  Segment 12/26 gesprochen (366 Zeichen)
  Segment 12: Restlaut am Ende stummgeschaltet (bei 25.51 s im Segment)
  Segment 13/26 gesprochen (385 Zeichen)
  Segment 14/26 gesprochen (286 Zeichen)
  Segment 15/26 gesprochen (513 Zeichen)
  Segment 16/26 gesprochen (309 Zeichen)
  Segment 17/26 gesprochen (280 Zeichen)
  Segment 18/26 gesprochen (433 Zeichen)
  Segment 19/26 gesprochen (264 Zeichen)
  Segment 20/26 gesprochen (206 Zeichen)
  Segment 21/26 gesprochen (367 Zeichen)
  Segment 22/26 gesprochen (53 Zeichen)
  Segment 23/26 gesprochen (48 Zeichen)
  Segment 23 (Hermine): -16.6 LUFS → -19.0 LUFS (-2.4 dB)
  Segment 24/26 gesprochen (157 Zeichen)
  Segment 25/26 gesprochen (441 Zeichen)
  Segment 26/26 gesprochen (104 Zeichen)
Credits verbraucht: 492 für 5708 Zeichen (0.086 je Zeichen)
Dauer 423.64s, 91 Marken, sha256 fc671cfef632cddf
